[0.409s] Invoking command in '/home/pengyuan/Desktop/turtlebot3_ws/src/maze_navigation': PYTHONPATH=/home/pengyuan/Desktop/turtlebot3_ws/build/maze_navigation/prefix_override:/usr/lib/python3/dist-packages/colcon_core/task/python/colcon_distutils_commands:/home/pengyuan/Desktop/turtlebot3_ws/install/maze_navigation/lib/python3.10/site-packages:${PYTHONPATH} /usr/bin/python3 -W ignore:setup.py install is deprecated setup.py egg_info --egg-base ../../build/maze_navigation build --build-base /home/pengyuan/Desktop/turtlebot3_ws/build/maze_navigation/build install --record /home/pengyuan/Desktop/turtlebot3_ws/build/maze_navigation/install.log --single-version-externally-managed install_data
[0.556s] running egg_info
[0.557s] writing ../../build/maze_navigation/maze_navigation.egg-info/PKG-INFO
[0.557s] writing dependency_links to ../../build/maze_navigation/maze_navigation.egg-info/dependency_links.txt
[0.558s] writing entry points to ../../build/maze_navigation/maze_navigation.egg-info/entry_points.txt
[0.558s] writing requirements to ../../build/maze_navigation/maze_navigation.egg-info/requires.txt
[0.558s] writing top-level names to ../../build/maze_navigation/maze_navigation.egg-info/top_level.txt
[0.559s] reading manifest file '../../build/maze_navigation/maze_navigation.egg-info/SOURCES.txt'
[0.559s] adding license file 'LICENSE'
[0.560s] writing manifest file '../../build/maze_navigation/maze_navigation.egg-info/SOURCES.txt'
[0.560s] running build
[0.560s] running build_py
[0.560s] copying maze_navigation/image_recog_knn.py -> /home/pengyuan/Desktop/turtlebot3_ws/build/maze_navigation/build/lib/maze_navigation
[0.560s] running install
[0.561s] running install_lib
[0.561s] copying /home/pengyuan/Desktop/turtlebot3_ws/build/maze_navigation/build/lib/maze_navigation/image_recog_knn.py -> /home/pengyuan/Desktop/turtlebot3_ws/install/maze_navigation/lib/python3.10/site-packages/maze_navigation
[0.562s] byte-compiling /home/pengyuan/Desktop/turtlebot3_ws/install/maze_navigation/lib/python3.10/site-packages/maze_navigation/image_recog_knn.py to image_recog_knn.cpython-310.pyc
[0.563s] running install_data
[0.563s] running install_egg_info
[0.564s] removing '/home/pengyuan/Desktop/turtlebot3_ws/install/maze_navigation/lib/python3.10/site-packages/maze_navigation-0.0.0-py3.10.egg-info' (and everything under it)
[0.564s] Copying ../../build/maze_navigation/maze_navigation.egg-info to /home/pengyuan/Desktop/turtlebot3_ws/install/maze_navigation/lib/python3.10/site-packages/maze_navigation-0.0.0-py3.10.egg-info
[0.565s] running install_scripts
[0.577s] Installing find_color script to /home/pengyuan/Desktop/turtlebot3_ws/install/maze_navigation/lib/maze_navigation
[0.577s] Installing getObjectRange script to /home/pengyuan/Desktop/turtlebot3_ws/install/maze_navigation/lib/maze_navigation
[0.578s] Installing goToGoal script to /home/pengyuan/Desktop/turtlebot3_ws/install/maze_navigation/lib/maze_navigation
[0.578s] Installing image_recog_knn script to /home/pengyuan/Desktop/turtlebot3_ws/install/maze_navigation/lib/maze_navigation
[0.578s] Installing image_recog_svm script to /home/pengyuan/Desktop/turtlebot3_ws/install/maze_navigation/lib/maze_navigation
[0.579s] writing list of installed files to '/home/pengyuan/Desktop/turtlebot3_ws/build/maze_navigation/install.log'
[0.595s] Invoked command in '/home/pengyuan/Desktop/turtlebot3_ws/src/maze_navigation' returned '0': PYTHONPATH=/home/pengyuan/Desktop/turtlebot3_ws/build/maze_navigation/prefix_override:/usr/lib/python3/dist-packages/colcon_core/task/python/colcon_distutils_commands:/home/pengyuan/Desktop/turtlebot3_ws/install/maze_navigation/lib/python3.10/site-packages:${PYTHONPATH} /usr/bin/python3 -W ignore:setup.py install is deprecated setup.py egg_info --egg-base ../../build/maze_navigation build --build-base /home/pengyuan/Desktop/turtlebot3_ws/build/maze_navigation/build install --record /home/pengyuan/Desktop/turtlebot3_ws/build/maze_navigation/install.log --single-version-externally-managed install_data
