[0.069s] DEBUG:colcon:Command line arguments: ['/usr/bin/colcon', 'list', '-p', '--base-paths', '/home/pengyuan/Desktop/turtlebot3_ws']
[0.069s] DEBUG:colcon:Parsed command line arguments: Namespace(log_base=None, log_level=None, verb_name='list', build_base='build', ignore_user_meta=False, metas=['./colcon.meta'], base_paths=['/home/pengyuan/Desktop/turtlebot3_ws'], packages_ignore=None, packages_ignore_regex=None, paths=None, packages_up_to=None, packages_up_to_regex=None, packages_above=None, packages_above_and_dependencies=None, packages_above_depth=None, packages_select_by_dep=None, packages_skip_by_dep=None, packages_skip_up_to=None, packages_select_build_failed=False, packages_skip_build_finished=False, packages_select_test_failures=False, packages_skip_test_passed=False, packages_select=None, packages_skip=None, packages_select_regex=None, packages_skip_regex=None, packages_start=None, packages_end=None, allow_overriding=[], topological_order=False, names_only=False, paths_only=True, topological_graph=False, topological_graph_dot=False, topological_graph_density=False, topological_graph_legend=False, topological_graph_dot_cluster=False, topological_graph_dot_include_skipped=False, mixin_files=None, mixin=None, verb_parser=<colcon_mixin.mixin.mixin_argument.MixinArgumentDecorator object at 0x78e501ef4af0>, verb_extension=<colcon_package_information.verb.list.ListVerb object at 0x78e501eb3a60>, main=<bound method ListVerb.main of <colcon_package_information.verb.list.ListVerb object at 0x78e501eb3a60>>, mixin_verb=('list',))
[0.217s] Level 1:colcon.colcon_core.package_discovery:discover_packages(colcon_meta) check parameters
[0.217s] Level 1:colcon.colcon_core.package_discovery:discover_packages(recursive) check parameters
[0.217s] Level 1:colcon.colcon_core.package_discovery:discover_packages(ignore) check parameters
[0.217s] Level 1:colcon.colcon_core.package_discovery:discover_packages(path) check parameters
[0.217s] Level 1:colcon.colcon_core.package_discovery:discover_packages(recursive) discover
[0.217s] INFO:colcon.colcon_core.package_discovery:Crawling recursively for packages in '/home/pengyuan/Desktop/turtlebot3_ws'
[0.217s] Level 1:colcon.colcon_core.package_identification:_identify(/home/pengyuan/Desktop/turtlebot3_ws) by extensions ['ignore', 'ignore_ament_install']
[0.217s] Level 1:colcon.colcon_core.package_identification:_identify(/home/pengyuan/Desktop/turtlebot3_ws) by extension 'ignore'
[0.217s] Level 1:colcon.colcon_core.package_identification:_identify(/home/pengyuan/Desktop/turtlebot3_ws) by extension 'ignore_ament_install'
[0.218s] Level 1:colcon.colcon_core.package_identification:_identify(/home/pengyuan/Desktop/turtlebot3_ws) by extensions ['colcon_pkg']
[0.218s] Level 1:colcon.colcon_core.package_identification:_identify(/home/pengyuan/Desktop/turtlebot3_ws) by extension 'colcon_pkg'
[0.218s] Level 1:colcon.colcon_core.package_identification:_identify(/home/pengyuan/Desktop/turtlebot3_ws) by extensions ['colcon_meta']
[0.218s] Level 1:colcon.colcon_core.package_identification:_identify(/home/pengyuan/Desktop/turtlebot3_ws) by extension 'colcon_meta'
[0.218s] Level 1:colcon.colcon_core.package_identification:_identify(/home/pengyuan/Desktop/turtlebot3_ws) by extensions ['ros']
[0.218s] Level 1:colcon.colcon_core.package_identification:_identify(/home/pengyuan/Desktop/turtlebot3_ws) by extension 'ros'
[0.226s] Level 1:colcon.colcon_core.package_identification:_identify(/home/pengyuan/Desktop/turtlebot3_ws) by extensions ['cmake', 'python']
[0.226s] Level 1:colcon.colcon_core.package_identification:_identify(/home/pengyuan/Desktop/turtlebot3_ws) by extension 'cmake'
[0.226s] Level 1:colcon.colcon_core.package_identification:_identify(/home/pengyuan/Desktop/turtlebot3_ws) by extension 'python'
[0.226s] Level 1:colcon.colcon_core.package_identification:_identify(/home/pengyuan/Desktop/turtlebot3_ws) by extensions ['python_setup_py']
[0.226s] Level 1:colcon.colcon_core.package_identification:_identify(/home/pengyuan/Desktop/turtlebot3_ws) by extension 'python_setup_py'
[0.226s] Level 1:colcon.colcon_core.package_identification:_identify(/home/pengyuan/Desktop/turtlebot3_ws/build) by extensions ['ignore', 'ignore_ament_install']
[0.226s] Level 1:colcon.colcon_core.package_identification:_identify(/home/pengyuan/Desktop/turtlebot3_ws/build) by extension 'ignore'
[0.226s] Level 1:colcon.colcon_core.package_identification:_identify(/home/pengyuan/Desktop/turtlebot3_ws/build) ignored
[0.226s] Level 1:colcon.colcon_core.package_identification:_identify(/home/pengyuan/Desktop/turtlebot3_ws/install) by extensions ['ignore', 'ignore_ament_install']
[0.226s] Level 1:colcon.colcon_core.package_identification:_identify(/home/pengyuan/Desktop/turtlebot3_ws/install) by extension 'ignore'
[0.226s] Level 1:colcon.colcon_core.package_identification:_identify(/home/pengyuan/Desktop/turtlebot3_ws/install) ignored
[0.227s] Level 1:colcon.colcon_core.package_identification:_identify(/home/pengyuan/Desktop/turtlebot3_ws/log) by extensions ['ignore', 'ignore_ament_install']
[0.227s] Level 1:colcon.colcon_core.package_identification:_identify(/home/pengyuan/Desktop/turtlebot3_ws/log) by extension 'ignore'
[0.227s] Level 1:colcon.colcon_core.package_identification:_identify(/home/pengyuan/Desktop/turtlebot3_ws/log) ignored
[0.227s] Level 1:colcon.colcon_core.package_identification:_identify(/home/pengyuan/Desktop/turtlebot3_ws/src) by extensions ['ignore', 'ignore_ament_install']
[0.227s] Level 1:colcon.colcon_core.package_identification:_identify(/home/pengyuan/Desktop/turtlebot3_ws/src) by extension 'ignore'
[0.227s] Level 1:colcon.colcon_core.package_identification:_identify(/home/pengyuan/Desktop/turtlebot3_ws/src) by extension 'ignore_ament_install'
[0.227s] Level 1:colcon.colcon_core.package_identification:_identify(/home/pengyuan/Desktop/turtlebot3_ws/src) by extensions ['colcon_pkg']
[0.227s] Level 1:colcon.colcon_core.package_identification:_identify(/home/pengyuan/Desktop/turtlebot3_ws/src) by extension 'colcon_pkg'
[0.227s] Level 1:colcon.colcon_core.package_identification:_identify(/home/pengyuan/Desktop/turtlebot3_ws/src) by extensions ['colcon_meta']
[0.227s] Level 1:colcon.colcon_core.package_identification:_identify(/home/pengyuan/Desktop/turtlebot3_ws/src) by extension 'colcon_meta'
[0.227s] Level 1:colcon.colcon_core.package_identification:_identify(/home/pengyuan/Desktop/turtlebot3_ws/src) by extensions ['ros']
[0.227s] Level 1:colcon.colcon_core.package_identification:_identify(/home/pengyuan/Desktop/turtlebot3_ws/src) by extension 'ros'
[0.227s] Level 1:colcon.colcon_core.package_identification:_identify(/home/pengyuan/Desktop/turtlebot3_ws/src) by extensions ['cmake', 'python']
[0.227s] Level 1:colcon.colcon_core.package_identification:_identify(/home/pengyuan/Desktop/turtlebot3_ws/src) by extension 'cmake'
[0.227s] Level 1:colcon.colcon_core.package_identification:_identify(/home/pengyuan/Desktop/turtlebot3_ws/src) by extension 'python'
[0.227s] Level 1:colcon.colcon_core.package_identification:_identify(/home/pengyuan/Desktop/turtlebot3_ws/src) by extensions ['python_setup_py']
[0.227s] Level 1:colcon.colcon_core.package_identification:_identify(/home/pengyuan/Desktop/turtlebot3_ws/src) by extension 'python_setup_py'
[0.227s] Level 1:colcon.colcon_core.package_identification:_identify(/home/pengyuan/Desktop/turtlebot3_ws/src/maze_navigation) by extensions ['ignore', 'ignore_ament_install']
[0.227s] Level 1:colcon.colcon_core.package_identification:_identify(/home/pengyuan/Desktop/turtlebot3_ws/src/maze_navigation) by extension 'ignore'
[0.227s] Level 1:colcon.colcon_core.package_identification:_identify(/home/pengyuan/Desktop/turtlebot3_ws/src/maze_navigation) by extension 'ignore_ament_install'
[0.227s] Level 1:colcon.colcon_core.package_identification:_identify(/home/pengyuan/Desktop/turtlebot3_ws/src/maze_navigation) by extensions ['colcon_pkg']
[0.227s] Level 1:colcon.colcon_core.package_identification:_identify(/home/pengyuan/Desktop/turtlebot3_ws/src/maze_navigation) by extension 'colcon_pkg'
[0.227s] Level 1:colcon.colcon_core.package_identification:_identify(/home/pengyuan/Desktop/turtlebot3_ws/src/maze_navigation) by extensions ['colcon_meta']
[0.227s] Level 1:colcon.colcon_core.package_identification:_identify(/home/pengyuan/Desktop/turtlebot3_ws/src/maze_navigation) by extension 'colcon_meta'
[0.227s] Level 1:colcon.colcon_core.package_identification:_identify(/home/pengyuan/Desktop/turtlebot3_ws/src/maze_navigation) by extensions ['ros']
[0.227s] Level 1:colcon.colcon_core.package_identification:_identify(/home/pengyuan/Desktop/turtlebot3_ws/src/maze_navigation) by extension 'ros'
[0.230s] DEBUG:colcon.colcon_core.package_identification:Package '/home/pengyuan/Desktop/turtlebot3_ws/src/maze_navigation' with type 'ros.ament_python' and name 'maze_navigation'
[0.230s] Level 1:colcon.colcon_core.package_discovery:discover_packages(recursive) using defaults
