[0.396s] Invoking command in '/home/pengyuan/Desktop/turtlebot3_ws/src/maze_navigation': PYTHONPATH=/home/pengyuan/Desktop/turtlebot3_ws/build/maze_navigation/prefix_override:/usr/lib/python3/dist-packages/colcon_core/task/python/colcon_distutils_commands:/home/pengyuan/Desktop/turtlebot3_ws/install/maze_navigation/lib/python3.10/site-packages:${PYTHONPATH} /usr/bin/python3 -W ignore:setup.py install is deprecated setup.py egg_info --egg-base ../../build/maze_navigation build --build-base /home/pengyuan/Desktop/turtlebot3_ws/build/maze_navigation/build install --record /home/pengyuan/Desktop/turtlebot3_ws/build/maze_navigation/install.log --single-version-externally-managed install_data
[0.480s] /home/pengyuan/.local/lib/python3.10/site-packages/setuptools/_distutils/dist.py:261: UserWarning: Unknown distribution option: 'tests_require'
[0.480s]   warnings.warn(msg)
[0.521s] running egg_info
[0.528s] creating ../../build/maze_navigation/maze_navigation.egg-info
[0.528s] writing ../../build/maze_navigation/maze_navigation.egg-info/PKG-INFO
[0.528s] writing dependency_links to ../../build/maze_navigation/maze_navigation.egg-info/dependency_links.txt
[0.528s] writing entry points to ../../build/maze_navigation/maze_navigation.egg-info/entry_points.txt
[0.529s] writing requirements to ../../build/maze_navigation/maze_navigation.egg-info/requires.txt
[0.529s] writing top-level names to ../../build/maze_navigation/maze_navigation.egg-info/top_level.txt
[0.529s] writing manifest file '../../build/maze_navigation/maze_navigation.egg-info/SOURCES.txt'
[0.544s] reading manifest file '../../build/maze_navigation/maze_navigation.egg-info/SOURCES.txt'
[0.544s] adding license file 'LICENSE'
[0.544s] Traceback (most recent call last):
[0.544s]   File "/home/pengyuan/Desktop/turtlebot3_ws/src/maze_navigation/setup.py", line 5, in <module>
[0.544s]     setup(
[0.544s]   File "/home/pengyuan/.local/lib/python3.10/site-packages/setuptools/__init__.py", line 117, in setup
[0.544s]     return distutils.core.setup(**attrs)
[0.544s]   File "/home/pengyuan/.local/lib/python3.10/site-packages/setuptools/_distutils/core.py", line 183, in setup
[0.544s]     return run_commands(dist)
[0.544s]   File "/home/pengyuan/.local/lib/python3.10/site-packages/setuptools/_distutils/core.py", line 199, in run_commands
[0.544s]     dist.run_commands()
[0.544s]   File "/home/pengyuan/.local/lib/python3.10/site-packages/setuptools/_distutils/dist.py", line 954, in run_commands
[0.544s]     self.run_command(cmd)
[0.544s]   File "/home/pengyuan/.local/lib/python3.10/site-packages/setuptools/dist.py", line 995, in run_command
[0.544s]     super().run_command(command)
[0.544s]   File "/home/pengyuan/.local/lib/python3.10/site-packages/setuptools/_distutils/dist.py", line 973, in run_command
[0.544s]     cmd_obj.run()
[0.544s]   File "/home/pengyuan/.local/lib/python3.10/site-packages/setuptools/command/egg_info.py", line 313, in run
[0.544s]     self.find_sources()
[0.544s]   File "/home/pengyuan/.local/lib/python3.10/site-packages/setuptools/command/egg_info.py", line 321, in find_sources
[0.544s]     mm.run()
[0.544s]   File "/home/pengyuan/.local/lib/python3.10/site-packages/setuptools/command/egg_info.py", line 549, in run
[0.544s]     self.prune_file_list()
[0.544s]   File "/home/pengyuan/.local/lib/python3.10/site-packages/setuptools/command/sdist.py", line 162, in prune_file_list
[0.544s]     super().prune_file_list()
[0.544s]   File "/home/pengyuan/.local/lib/python3.10/site-packages/setuptools/_distutils/command/sdist.py", line 380, in prune_file_list
[0.544s]     base_dir = self.distribution.get_fullname()
[0.544s]   File "/home/pengyuan/.local/lib/python3.10/site-packages/setuptools/_core_metadata.py", line 267, in get_fullname
[0.544s]     return _distribution_fullname(self.get_name(), self.get_version())
[0.545s]   File "/home/pengyuan/.local/lib/python3.10/site-packages/setuptools/_core_metadata.py", line 285, in _distribution_fullname
[0.545s]     canonicalize_version(version, strip_trailing_zero=False),
[0.545s] TypeError: canonicalize_version() got an unexpected keyword argument 'strip_trailing_zero'
[0.556s] Invoked command in '/home/pengyuan/Desktop/turtlebot3_ws/src/maze_navigation' returned '1': PYTHONPATH=/home/pengyuan/Desktop/turtlebot3_ws/build/maze_navigation/prefix_override:/usr/lib/python3/dist-packages/colcon_core/task/python/colcon_distutils_commands:/home/pengyuan/Desktop/turtlebot3_ws/install/maze_navigation/lib/python3.10/site-packages:${PYTHONPATH} /usr/bin/python3 -W ignore:setup.py install is deprecated setup.py egg_info --egg-base ../../build/maze_navigation build --build-base /home/pengyuan/Desktop/turtlebot3_ws/build/maze_navigation/build install --record /home/pengyuan/Desktop/turtlebot3_ws/build/maze_navigation/install.log --single-version-externally-managed install_data
