/home/pengyuan/Desktop/turtlebot3_ws/install/maze_navigation/lib/python3.10/site-packages/maze_navigation/color_track_server.py
/home/pengyuan/Desktop/turtlebot3_ws/install/maze_navigation/lib/python3.10/site-packages/maze_navigation/image_recog_yolo.py
/home/pengyuan/Desktop/turtlebot3_ws/install/maze_navigation/lib/python3.10/site-packages/maze_navigation/getObjectRange.py
/home/pengyuan/Desktop/turtlebot3_ws/install/maze_navigation/lib/python3.10/site-packages/maze_navigation/image_recog_svm.py
/home/pengyuan/Desktop/turtlebot3_ws/install/maze_navigation/lib/python3.10/site-packages/maze_navigation/find_color.py
/home/pengyuan/Desktop/turtlebot3_ws/install/maze_navigation/lib/python3.10/site-packages/maze_navigation/__init__.py
/home/pengyuan/Desktop/turtlebot3_ws/install/maze_navigation/lib/python3.10/site-packages/maze_navigation/goToGoal.py
/home/pengyuan/Desktop/turtlebot3_ws/install/maze_navigation/lib/python3.10/site-packages/maze_navigation/image_recog_knn.py
/home/pengyuan/Desktop/turtlebot3_ws/install/maze_navigation/lib/python3.10/site-packages/maze_navigation/__pycache__/color_track_server.cpython-310.pyc
/home/pengyuan/Desktop/turtlebot3_ws/install/maze_navigation/lib/python3.10/site-packages/maze_navigation/__pycache__/image_recog_yolo.cpython-310.pyc
/home/pengyuan/Desktop/turtlebot3_ws/install/maze_navigation/lib/python3.10/site-packages/maze_navigation/__pycache__/getObjectRange.cpython-310.pyc
/home/pengyuan/Desktop/turtlebot3_ws/install/maze_navigation/lib/python3.10/site-packages/maze_navigation/__pycache__/image_recog_svm.cpython-310.pyc
/home/pengyuan/Desktop/turtlebot3_ws/install/maze_navigation/lib/python3.10/site-packages/maze_navigation/__pycache__/find_color.cpython-310.pyc
/home/pengyuan/Desktop/turtlebot3_ws/install/maze_navigation/lib/python3.10/site-packages/maze_navigation/__pycache__/__init__.cpython-310.pyc
/home/pengyuan/Desktop/turtlebot3_ws/install/maze_navigation/lib/python3.10/site-packages/maze_navigation/__pycache__/goToGoal.cpython-310.pyc
/home/pengyuan/Desktop/turtlebot3_ws/install/maze_navigation/lib/python3.10/site-packages/maze_navigation/__pycache__/image_recog_knn.cpython-310.pyc
/home/pengyuan/Desktop/turtlebot3_ws/install/maze_navigation/share/ament_index/resource_index/packages/maze_navigation
/home/pengyuan/Desktop/turtlebot3_ws/install/maze_navigation/share/maze_navigation/package.xml
/home/pengyuan/Desktop/turtlebot3_ws/install/maze_navigation/share/maze_navigation/launch/maze_navigation.launch.py
/home/pengyuan/Desktop/turtlebot3_ws/install/maze_navigation/lib/python3.10/site-packages/maze_navigation-0.0.0-py3.10.egg-info/entry_points.txt
/home/pengyuan/Desktop/turtlebot3_ws/install/maze_navigation/lib/python3.10/site-packages/maze_navigation-0.0.0-py3.10.egg-info/requires.txt
/home/pengyuan/Desktop/turtlebot3_ws/install/maze_navigation/lib/python3.10/site-packages/maze_navigation-0.0.0-py3.10.egg-info/PKG-INFO
/home/pengyuan/Desktop/turtlebot3_ws/install/maze_navigation/lib/python3.10/site-packages/maze_navigation-0.0.0-py3.10.egg-info/dependency_links.txt
/home/pengyuan/Desktop/turtlebot3_ws/install/maze_navigation/lib/python3.10/site-packages/maze_navigation-0.0.0-py3.10.egg-info/zip-safe
/home/pengyuan/Desktop/turtlebot3_ws/install/maze_navigation/lib/python3.10/site-packages/maze_navigation-0.0.0-py3.10.egg-info/SOURCES.txt
/home/pengyuan/Desktop/turtlebot3_ws/install/maze_navigation/lib/python3.10/site-packages/maze_navigation-0.0.0-py3.10.egg-info/top_level.txt
/home/pengyuan/Desktop/turtlebot3_ws/install/maze_navigation/lib/maze_navigation/find_color
/home/pengyuan/Desktop/turtlebot3_ws/install/maze_navigation/lib/maze_navigation/getObjectRange
/home/pengyuan/Desktop/turtlebot3_ws/install/maze_navigation/lib/maze_navigation/goToGoal
/home/pengyuan/Desktop/turtlebot3_ws/install/maze_navigation/lib/maze_navigation/image_recog_knn
/home/pengyuan/Desktop/turtlebot3_ws/install/maze_navigation/lib/maze_navigation/image_recog_svm
