[0.391s] Invoking command in '/home/pengyuan/Desktop/turtlebot3_ws/src/maze_navigation': PYTHONPATH=/home/pengyuan/Desktop/turtlebot3_ws/build/maze_navigation/prefix_override:/usr/lib/python3/dist-packages/colcon_core/task/python/colcon_distutils_commands:/home/pengyuan/Desktop/turtlebot3_ws/install/maze_navigation/lib/python3.10/site-packages:${PYTHONPATH} /usr/bin/python3 -W ignore:setup.py install is deprecated setup.py egg_info --egg-base ../../build/maze_navigation build --build-base /home/pengyuan/Desktop/turtlebot3_ws/build/maze_navigation/build install --record /home/pengyuan/Desktop/turtlebot3_ws/build/maze_navigation/install.log --single-version-externally-managed install_data
[0.533s] running egg_info
[0.533s] writing ../../build/maze_navigation/maze_navigation.egg-info/PKG-INFO
[0.534s] writing dependency_links to ../../build/maze_navigation/maze_navigation.egg-info/dependency_links.txt
[0.534s] writing entry points to ../../build/maze_navigation/maze_navigation.egg-info/entry_points.txt
[0.535s] writing requirements to ../../build/maze_navigation/maze_navigation.egg-info/requires.txt
[0.535s] writing top-level names to ../../build/maze_navigation/maze_navigation.egg-info/top_level.txt
[0.536s] reading manifest file '../../build/maze_navigation/maze_navigation.egg-info/SOURCES.txt'
[0.537s] adding license file 'LICENSE'
[0.537s] writing manifest file '../../build/maze_navigation/maze_navigation.egg-info/SOURCES.txt'
[0.537s] running build
[0.537s] running build_py
[0.537s] copying maze_navigation/goToGoal.py -> /home/pengyuan/Desktop/turtlebot3_ws/build/maze_navigation/build/lib/maze_navigation
[0.537s] running install
[0.538s] running install_lib
[0.538s] copying /home/pengyuan/Desktop/turtlebot3_ws/build/maze_navigation/build/lib/maze_navigation/goToGoal.py -> /home/pengyuan/Desktop/turtlebot3_ws/install/maze_navigation/lib/python3.10/site-packages/maze_navigation
[0.539s] byte-compiling /home/pengyuan/Desktop/turtlebot3_ws/install/maze_navigation/lib/python3.10/site-packages/maze_navigation/goToGoal.py to goToGoal.cpython-310.pyc
[0.540s] running install_data
[0.540s] running install_egg_info
[0.541s] removing '/home/pengyuan/Desktop/turtlebot3_ws/install/maze_navigation/lib/python3.10/site-packages/maze_navigation-0.0.0-py3.10.egg-info' (and everything under it)
[0.541s] Copying ../../build/maze_navigation/maze_navigation.egg-info to /home/pengyuan/Desktop/turtlebot3_ws/install/maze_navigation/lib/python3.10/site-packages/maze_navigation-0.0.0-py3.10.egg-info
[0.542s] running install_scripts
[0.554s] Installing color_track_server script to /home/pengyuan/Desktop/turtlebot3_ws/install/maze_navigation/lib/maze_navigation
[0.554s] Installing find_color script to /home/pengyuan/Desktop/turtlebot3_ws/install/maze_navigation/lib/maze_navigation
[0.555s] Installing getObjectRange script to /home/pengyuan/Desktop/turtlebot3_ws/install/maze_navigation/lib/maze_navigation
[0.555s] Installing goToGoal script to /home/pengyuan/Desktop/turtlebot3_ws/install/maze_navigation/lib/maze_navigation
[0.555s] Installing image_recog_knn script to /home/pengyuan/Desktop/turtlebot3_ws/install/maze_navigation/lib/maze_navigation
[0.556s] Installing image_recog_svm script to /home/pengyuan/Desktop/turtlebot3_ws/install/maze_navigation/lib/maze_navigation
[0.556s] writing list of installed files to '/home/pengyuan/Desktop/turtlebot3_ws/build/maze_navigation/install.log'
[0.572s] Invoked command in '/home/pengyuan/Desktop/turtlebot3_ws/src/maze_navigation' returned '0': PYTHONPATH=/home/pengyuan/Desktop/turtlebot3_ws/build/maze_navigation/prefix_override:/usr/lib/python3/dist-packages/colcon_core/task/python/colcon_distutils_commands:/home/pengyuan/Desktop/turtlebot3_ws/install/maze_navigation/lib/python3.10/site-packages:${PYTHONPATH} /usr/bin/python3 -W ignore:setup.py install is deprecated setup.py egg_info --egg-base ../../build/maze_navigation build --build-base /home/pengyuan/Desktop/turtlebot3_ws/build/maze_navigation/build install --record /home/pengyuan/Desktop/turtlebot3_ws/build/maze_navigation/install.log --single-version-externally-managed install_data
