[0.608s] Invoking command in '/home/pengyuan/Desktop/turtlebot3_ws/src/maze_navigation': PYTHONPATH=/home/pengyuan/Desktop/turtlebot3_ws/build/maze_navigation/prefix_override:/usr/lib/python3/dist-packages/colcon_core/task/python/colcon_distutils_commands:/home/pengyuan/Desktop/turtlebot3_ws/install/maze_navigation/lib/python3.10/site-packages:${PYTHONPATH} /usr/bin/python3 -W ignore:setup.py install is deprecated setup.py egg_info --egg-base ../../build/maze_navigation build --build-base /home/pengyuan/Desktop/turtlebot3_ws/build/maze_navigation/build install --record /home/pengyuan/Desktop/turtlebot3_ws/build/maze_navigation/install.log --single-version-externally-managed install_data
[0.764s] running egg_info
[0.764s] writing ../../build/maze_navigation/maze_navigation.egg-info/PKG-INFO
[0.764s] writing dependency_links to ../../build/maze_navigation/maze_navigation.egg-info/dependency_links.txt
[0.765s] writing entry points to ../../build/maze_navigation/maze_navigation.egg-info/entry_points.txt
[0.765s] writing requirements to ../../build/maze_navigation/maze_navigation.egg-info/requires.txt
[0.765s] writing top-level names to ../../build/maze_navigation/maze_navigation.egg-info/top_level.txt
[0.766s] reading manifest file '../../build/maze_navigation/maze_navigation.egg-info/SOURCES.txt'
[0.767s] adding license file 'LICENSE'
[0.767s] writing manifest file '../../build/maze_navigation/maze_navigation.egg-info/SOURCES.txt'
[0.768s] running build
[0.768s] running build_py
[0.768s] copying maze_navigation/image_recog_svm.py -> /home/pengyuan/Desktop/turtlebot3_ws/build/maze_navigation/build/lib/maze_navigation
[0.768s] copying maze_navigation/image_recog_knn.py -> /home/pengyuan/Desktop/turtlebot3_ws/build/maze_navigation/build/lib/maze_navigation
[0.768s] running install
[0.768s] running install_lib
[0.769s] copying /home/pengyuan/Desktop/turtlebot3_ws/build/maze_navigation/build/lib/maze_navigation/image_recog_svm.py -> /home/pengyuan/Desktop/turtlebot3_ws/install/maze_navigation/lib/python3.10/site-packages/maze_navigation
[0.769s] copying /home/pengyuan/Desktop/turtlebot3_ws/build/maze_navigation/build/lib/maze_navigation/image_recog_knn.py -> /home/pengyuan/Desktop/turtlebot3_ws/install/maze_navigation/lib/python3.10/site-packages/maze_navigation
[0.769s] byte-compiling /home/pengyuan/Desktop/turtlebot3_ws/install/maze_navigation/lib/python3.10/site-packages/maze_navigation/image_recog_svm.py to image_recog_svm.cpython-310.pyc
[0.770s] byte-compiling /home/pengyuan/Desktop/turtlebot3_ws/install/maze_navigation/lib/python3.10/site-packages/maze_navigation/image_recog_knn.py to image_recog_knn.cpython-310.pyc
[0.771s] running install_data
[0.771s] running install_egg_info
[0.773s] removing '/home/pengyuan/Desktop/turtlebot3_ws/install/maze_navigation/lib/python3.10/site-packages/maze_navigation-0.0.0-py3.10.egg-info' (and everything under it)
[0.773s] Copying ../../build/maze_navigation/maze_navigation.egg-info to /home/pengyuan/Desktop/turtlebot3_ws/install/maze_navigation/lib/python3.10/site-packages/maze_navigation-0.0.0-py3.10.egg-info
[0.773s] running install_scripts
[0.785s] Installing find_color script to /home/pengyuan/Desktop/turtlebot3_ws/install/maze_navigation/lib/maze_navigation
[0.785s] Installing getObjectRange script to /home/pengyuan/Desktop/turtlebot3_ws/install/maze_navigation/lib/maze_navigation
[0.786s] Installing goToGoal script to /home/pengyuan/Desktop/turtlebot3_ws/install/maze_navigation/lib/maze_navigation
[0.786s] Installing image_recog_knn script to /home/pengyuan/Desktop/turtlebot3_ws/install/maze_navigation/lib/maze_navigation
[0.786s] Installing image_recog_svm script to /home/pengyuan/Desktop/turtlebot3_ws/install/maze_navigation/lib/maze_navigation
[0.787s] writing list of installed files to '/home/pengyuan/Desktop/turtlebot3_ws/build/maze_navigation/install.log'
[0.801s] Invoked command in '/home/pengyuan/Desktop/turtlebot3_ws/src/maze_navigation' returned '0': PYTHONPATH=/home/pengyuan/Desktop/turtlebot3_ws/build/maze_navigation/prefix_override:/usr/lib/python3/dist-packages/colcon_core/task/python/colcon_distutils_commands:/home/pengyuan/Desktop/turtlebot3_ws/install/maze_navigation/lib/python3.10/site-packages:${PYTHONPATH} /usr/bin/python3 -W ignore:setup.py install is deprecated setup.py egg_info --egg-base ../../build/maze_navigation build --build-base /home/pengyuan/Desktop/turtlebot3_ws/build/maze_navigation/build install --record /home/pengyuan/Desktop/turtlebot3_ws/build/maze_navigation/install.log --single-version-externally-managed install_data
